// Jest Snapshot v1, https://goo.gl/fbAQLP

exports[`renders correctly 1`] = `
<section
  className="searchContainer searchContainer--closed"
>
  <input
    className="searchContainer__input"
    onChange={[Function]}
    onKeyDown={[Function]}
    placeholder="Search for an Artist or Album"
  />
  <button
    className="searchContainer__button"
    onClick={[Function]}
    type="button"
  >
    done
  </button>
</section>
`;
